// Jest Snapshot v1, https://goo.gl/fbAQLP

exports[`renders a snapshot 1`] = `
<div
  className="pic"
>
  <div
    className="card"
    style={
      Object {
        "width": "20rem",
      }
    }
  >
    <img
      className="card-img-top"
      src="selfie.jpg"
    />
    <div
      className="card-body"
    >
      <div
        className="card-title h5"
      >
        Spencer Krull
      </div>
      <p
        className="card-text"
      >
        Musician and software developer in training
      </p>
    </div>
  </div>
</div>
`;
